// Vitest Snapshot v1, https://vitest.dev/guide/snapshot.html

exports[`Default snapshot 1`] = `
<div>
  <div
  >
    <div
      class="import-view"
    >
      <h1
        class="MuiTypography-h1 MuiTypography-root css-XXXX-MuiTypography-root import-view__title"
      >
        Import PubMed Articles to GraphKB
      </h1>
      <div
        class="import-view__search-box search-box"
        role="textbox"
        tabindex="0"
      >
        <div
          class="MuiFormControl-fullWidth MuiFormControl-root MuiTextField-root css-XXXX-MuiFormControl-root-MuiTextField-root"
        >
          <div
            class="MuiInput-root MuiInput-underline MuiInputBase-adornedEnd MuiInputBase-colorPrimary MuiInputBase-formControl MuiInputBase-fullWidth MuiInputBase-root css-XXXX-MuiInputBase-root-MuiInput-root"
          >
            <input
              aria-invalid="false"
              class="MuiInput-input MuiInputBase-input MuiInputBase-inputAdornedEnd css-XXXX-MuiInputBase-input-MuiInput-input"
              data-testid="search-box__input"
              id="_r_XXXX_"
              placeholder="Enter a PubMed ID ex. 1234"
              type="text"
              value=""
            />
            <div
              class="MuiInputAdornment-positionEnd MuiInputAdornment-root MuiInputAdornment-sizeMedium MuiInputAdornment-standard css-XXXX-MuiInputAdornment-root"
            >
              <button
                class="MuiButtonBase-root MuiIconButton-colorPrimary MuiIconButton-root MuiIconButton-sizeSmall css-XXXX-MuiButtonBase-root-MuiIconButton-root"
                data-testid="search-box__button"
                tabindex="0"
                type="button"
              >
                <svg
                  aria-hidden="true"
                  class="MuiSvgIcon-fontSizeSmall MuiSvgIcon-root css-XXXX-MuiSvgIcon-root"
                  data-testid="SearchIcon"
                  focusable="false"
                  viewBox="0 0 24 24"
                >
                  <path
                    d="M15.5 14h-.79l-.28-.27C15.41 12.59 16 11.11 16 9.5 16 5.91 13.09 3 9.5 3S3 5.91 3 9.5 5.91 16 9.5 16c1.61 0 3.09-.59 4.23-1.57l.27.28v.79l5 4.99L20.49 19zm-6 0C7.01 14 5 11.99 5 9.5S7.01 5 9.5 5 14 7.01 14 9.5 11.99 14 9.5 14"
                  />
                </svg>
              </button>
            </div>
          </div>
        </div>
      </div>
    </div>
  </div>
</div>
`;
